// Vitest Snapshot v1, https://vitest.dev/guide/snapshot.html

exports[`ThemeProvider Component > should render correctly 1`] = `
<div>
  <div
    class="Toastify"
  />
  <div
    class="Toastify"
  />
  foobar
</div>
`;
